┏━━━━━━━━━━━━━━━━━━━━━━┳━━━━━━━━━━┳━━━━━━━━━━┳━━━━━━━━━━┳━━━━━━━━━━┳━━━━━━━━━━━┳━━━━━━━━━━┳━━━━━━━━━━━┳━━━━━━━━━━┳━━━━━━━━━━━┳━━━━━━━━━━┳━━━━━━━━━━━┳━━━━━━━━━━┓
┃                      ┃ Hold     ┃ Reg to   ┃          ┃          ┃ of which  ┃ Setup    ┃           ┃          ┃           ┃ of which ┃           ┃          ┃
┃                      ┃ Worst    ┃ Reg      ┃          ┃ Hold Vio ┃ reg to    ┃ Worst    ┃ Reg to    ┃ Setup    ┃ Setup Vio ┃ reg to   ┃ Max Cap   ┃ Max Slew ┃
┃ Corner/Group         ┃ Slack    ┃ Paths    ┃ Hold TNS ┃ Count    ┃ reg       ┃ Slack    ┃ Reg Paths ┃ TNS      ┃ Count     ┃ reg      ┃ Violatio… ┃ Violati… ┃
┡━━━━━━━━━━━━━━━━━━━━━━╇━━━━━━━━━━╇━━━━━━━━━━╇━━━━━━━━━━╇━━━━━━━━━━╇━━━━━━━━━━━╇━━━━━━━━━━╇━━━━━━━━━━━╇━━━━━━━━━━╇━━━━━━━━━━━╇━━━━━━━━━━╇━━━━━━━━━━━╇━━━━━━━━━━┩
│ Overall              │ 0.1129   │ 0.1129   │ 0.0000   │ 0        │ 0         │ 0.7000   │ 0.9346    │ 0.0000   │ 0         │ 0        │ 7         │ 441      │
│ nom_tt_025C_1v80     │ 0.3046   │ 0.3046   │ 0.0000   │ 0        │ 0         │ 2.7933   │ 7.8836    │ 0.0000   │ 0         │ 0        │ 2         │ 10       │
│ nom_ss_100C_1v60     │ 0.8264   │ 0.8264   │ 0.0000   │ 0        │ 0         │ 0.8400   │ 1.5285    │ 0.0000   │ 0         │ 0        │ 4         │ 323      │
│ nom_ff_n40C_1v95     │ 0.1160   │ 0.1160   │ 0.0000   │ 0        │ 0         │ 3.5619   │ 8.0609    │ 0.0000   │ 0         │ 0        │ 2         │ 0        │
│ min_tt_025C_1v80     │ 0.3006   │ 0.3006   │ 0.0000   │ 0        │ 0         │ 2.8658   │ 7.8644    │ 0.0000   │ 0         │ 0        │ 0         │ 10       │
│ min_ss_100C_1v60     │ 0.8192   │ 0.8192   │ 0.0000   │ 0        │ 0         │ 0.9809   │ 2.1328    │ 0.0000   │ 0         │ 0        │ 0         │ 205      │
│ min_ff_n40C_1v95     │ 0.1129   │ 0.1129   │ 0.0000   │ 0        │ 0         │ 3.6070   │ 8.0494    │ 0.0000   │ 0         │ 0        │ 0         │ 0        │
│ max_tt_025C_1v80     │ 0.3092   │ 0.3092   │ 0.0000   │ 0        │ 0         │ 2.7245   │ 7.8911    │ 0.0000   │ 0         │ 0        │ 4         │ 23       │
│ max_ss_100C_1v60     │ 0.8351   │ 0.8351   │ 0.0000   │ 0        │ 0         │ 0.7000   │ 0.9346    │ 0.0000   │ 0         │ 0        │ 7         │ 441      │
│ max_ff_n40C_1v95     │ 0.1193   │ 0.1193   │ 0.0000   │ 0        │ 0         │ 3.5181   │ 8.0644    │ 0.0000   │ 0         │ 0        │ 4         │ 0        │
└──────────────────────┴──────────┴──────────┴──────────┴──────────┴───────────┴──────────┴───────────┴──────────┴───────────┴──────────┴───────────┴──────────┘
